Category: 📺央视频道, Name: CCTV-2, Total: 8, Valid: 8, Valid Percent: 100.00%, Whitelist: 0, IPv4: 8, IPv6: 0, Min Delay: 592 ms, Max Speed: 6.24 M/s, Avg Speed: 2.88 M/s, Max Resolution: 1280x720
Category: 📺央视频道, Name: CCTV-3, Total: 9, Valid: 9, Valid Percent: 100.00%, Whitelist: 0, IPv4: 9, IPv6: 0, Min Delay: 84 ms, Max Speed: 68.67 M/s, Avg Speed: 38.74 M/s, Max Resolution: 1920x1080
Category: 📺央视频道, Name: CCTV-4, Total: 13, Valid: 13, Valid Percent: 100.00%, Whitelist: 0, IPv4: 13, IPv6: 0, Min Delay: 84 ms, Max Speed: 68.67 M/s, Avg Speed: 28.10 M/s, Max Resolution: 1920x1080
Category: 📺央视频道, Name: CCTV-5, Total: 24, Valid: 22, Valid Percent: 91.67%, Whitelist: 0, IPv4: 24, IPv6: 0, Min Delay: 84 ms, Max Speed: 68.67 M/s, Avg Speed: 17.37 M/s, Max Resolution: 1920x1080
Category: 📺央视频道, Name: CCTV-5+, Total: 6, Valid: 6, Valid Percent: 100.00%, Whitelist: 0, IPv4: 6, IPv6: 0, Min Delay: 758 ms, Max Speed: 6.11 M/s, Avg Speed: 2.47 M/s, Max Resolution: 1920x1080
Category: 📺央视频道, Name: CCTV-6, Total: 18, Valid: 17, Valid Percent: 94.44%, Whitelist: 0, IPv4: 18, IPv6: 0, Min Delay: 84 ms, Max Speed: 68.67 M/s, Avg Speed: 29.61 M/s, Max Resolution: 1920x1080
Category: 📺央视频道, Name: CCTV-7, Total: 17, Valid: 16, Valid Percent: 94.12%, Whitelist: 0, IPv4: 17, IPv6: 0, Min Delay: 84 ms, Max Speed: 68.67 M/s, Avg Speed: 31.27 M/s, Max Resolution: 1920x1080
Category: 📺央视频道, Name: CCTV-8, Total: 25, Valid: 24, Valid Percent: 96.00%, Whitelist: 0, IPv4: 25, IPv6: 0, Min Delay: 84 ms, Max Speed: 68.67 M/s, Avg Speed: 18.92 M/s, Max Resolution: 1920x1080
Category: 📺央视频道, Name: CCTV-9, Total: 20, Valid: 19, Valid Percent: 95.00%, Whitelist: 0, IPv4: 20, IPv6: 0, Min Delay: 84 ms, Max Speed: 68.67 M/s, Avg Speed: 26.54 M/s, Max Resolution: 1920x1080
Category: 📺央视频道, Name: CCTV-10, Total: 27, Valid: 26, Valid Percent: 96.30%, Whitelist: 0, IPv4: 27, IPv6: 0, Min Delay: 84 ms, Max Speed: 68.67 M/s, Avg Speed: 19.79 M/s, Max Resolution: 1920x1080
Category: 📺央视频道, Name: CCTV-11, Total: 20, Valid: 19, Valid Percent: 95.00%, Whitelist: 0, IPv4: 20, IPv6: 0, Min Delay: 84 ms, Max Speed: 68.67 M/s, Avg Speed: 23.06 M/s, Max Resolution: 1920x1080
Category: 📺央视频道, Name: CCTV-12, Total: 21, Valid: 20, Valid Percent: 95.24%, Whitelist: 0, IPv4: 21, IPv6: 0, Min Delay: 84 ms, Max Speed: 68.67 M/s, Avg Speed: 25.34 M/s, Max Resolution: 1920x1080
Category: 📺央视频道, Name: CCTV-13, Total: 19, Valid: 18, Valid Percent: 94.74%, Whitelist: 0, IPv4: 19, IPv6: 0, Min Delay: 84 ms, Max Speed: 68.67 M/s, Avg Speed: 27.98 M/s, Max Resolution: 1920x1080
Category: 📺央视频道, Name: CCTV-14, Total: 26, Valid: 25, Valid Percent: 96.15%, Whitelist: 0, IPv4: 23, IPv6: 3, Min Delay: 84 ms, Max Speed: 68.67 M/s, Avg Speed: 20.55 M/s, Max Resolution: 1920x1080
Category: 📺央视频道, Name: CCTV-15, Total: 23, Valid: 22, Valid Percent: 95.65%, Whitelist: 0, IPv4: 23, IPv6: 0, Min Delay: 84 ms, Max Speed: 68.67 M/s, Avg Speed: 23.08 M/s, Max Resolution: 1920x1080
Category: 📺央视频道, Name: CCTV-16, Total: 19, Valid: 19, Valid Percent: 100.00%, Whitelist: 0, IPv4: 19, IPv6: 0, Min Delay: 84 ms, Max Speed: 68.67 M/s, Avg Speed: 16.18 M/s, Max Resolution: 1920x1080
Category: 📺央视频道, Name: CCTV-17, Total: 20, Valid: 20, Valid Percent: 100.00%, Whitelist: 0, IPv4: 20, IPv6: 0, Min Delay: 84 ms, Max Speed: 68.67 M/s, Avg Speed: 25.34 M/s, Max Resolution: 1920x1080
Category: 📡卫视频道, Name: 广东卫视, Total: 15, Valid: 14, Valid Percent: 93.33%, Whitelist: 0, IPv4: 15, IPv6: 0, Min Delay: 84 ms, Max Speed: 68.67 M/s, Avg Speed: 30.83 M/s, Max Resolution: 1920x1080
Category: 📡卫视频道, Name: 浙江卫视, Total: 16, Valid: 16, Valid Percent: 100.00%, Whitelist: 0, IPv4: 16, IPv6: 0, Min Delay: 84 ms, Max Speed: 68.67 M/s, Avg Speed: 27.20 M/s, Max Resolution: 1920x1080
Category: 📡卫视频道, Name: 湖南卫视, Total: 27, Valid: 26, Valid Percent: 96.30%, Whitelist: 0, IPv4: 25, IPv6: 2, Min Delay: 84 ms, Max Speed: 68.67 M/s, Avg Speed: 20.15 M/s, Max Resolution: 3840x2160
Category: 📡卫视频道, Name: 北京卫视, Total: 18, Valid: 17, Valid Percent: 94.44%, Whitelist: 0, IPv4: 18, IPv6: 0, Min Delay: 84 ms, Max Speed: 68.67 M/s, Avg Speed: 25.49 M/s, Max Resolution: 1920x1080
Category: 📡卫视频道, Name: 湖北卫视, Total: 17, Valid: 16, Valid Percent: 94.12%, Whitelist: 0, IPv4: 17, IPv6: 0, Min Delay: 84 ms, Max Speed: 68.67 M/s, Avg Speed: 31.19 M/s, Max Resolution: 1920x1080
Category: 📡卫视频道, Name: 黑龙江卫视, Total: 16, Valid: 15, Valid Percent: 93.75%, Whitelist: 0, IPv4: 16, IPv6: 0, Min Delay: 84 ms, Max Speed: 68.67 M/s, Avg Speed: 33.24 M/s, Max Resolution: 1920x1080
Category: 📡卫视频道, Name: 安徽卫视, Total: 17, Valid: 16, Valid Percent: 94.12%, Whitelist: 0, IPv4: 17, IPv6: 0, Min Delay: 84 ms, Max Speed: 68.67 M/s, Avg Speed: 31.38 M/s, Max Resolution: 1920x1080
Category: 📡卫视频道, Name: 重庆卫视, Total: 18, Valid: 17, Valid Percent: 94.44%, Whitelist: 0, IPv4: 18, IPv6: 0, Min Delay: 84 ms, Max Speed: 68.67 M/s, Avg Speed: 33.40 M/s, Max Resolution: 1920x1080
Category: 📡卫视频道, Name: 东方卫视, Total: 20, Valid: 19, Valid Percent: 95.00%, Whitelist: 0, IPv4: 20, IPv6: 0, Min Delay: 84 ms, Max Speed: 68.67 M/s, Avg Speed: 30.31 M/s, Max Resolution: 1920x1080
Category: 📡卫视频道, Name: 东南卫视, Total: 18, Valid: 17, Valid Percent: 94.44%, Whitelist: 0, IPv4: 17, IPv6: 1, Min Delay: 84 ms, Max Speed: 68.67 M/s, Avg Speed: 37.33 M/s, Max Resolution: 3840x2160
Category: 📡卫视频道, Name: 甘肃卫视, Total: 11, Valid: 11, Valid Percent: 100.00%, Whitelist: 0, IPv4: 11, IPv6: 0, Min Delay: 84 ms, Max Speed: 68.67 M/s, Avg Speed: 44.56 M/s, Max Resolution: 1920x1080
Category: 📡卫视频道, Name: 广西卫视, Total: 19, Valid: 17, Valid Percent: 89.47%, Whitelist: 0, IPv4: 17, IPv6: 2, Min Delay: 84 ms, Max Speed: 68.67 M/s, Avg Speed: 37.47 M/s, Max Resolution: 1920x1080
Category: 📡卫视频道, Name: 贵州卫视, Total: 18, Valid: 17, Valid Percent: 94.44%, Whitelist: 0, IPv4: 18, IPv6: 0, Min Delay: 84 ms, Max Speed: 68.67 M/s, Avg Speed: 41.40 M/s, Max Resolution: 1920x1080
Category: 📡卫视频道, Name: 海南卫视, Total: 11, Valid: 11, Valid Percent: 100.00%, Whitelist: 0, IPv4: 11, IPv6: 0, Min Delay: 84 ms, Max Speed: 68.67 M/s, Avg Speed: 43.96 M/s, Max Resolution: 1920x1080
Category: 📡卫视频道, Name: 河北卫视, Total: 19, Valid: 18, Valid Percent: 94.74%, Whitelist: 0, IPv4: 19, IPv6: 0, Min Delay: 84 ms, Max Speed: 68.67 M/s, Avg Speed: 35.50 M/s, Max Resolution: 1920x1080
Category: 📡卫视频道, Name: 河南卫视, Total: 20, Valid: 19, Valid Percent: 95.00%, Whitelist: 0, IPv4: 20, IPv6: 0, Min Delay: 84 ms, Max Speed: 68.67 M/s, Avg Speed: 37.27 M/s, Max Resolution: 1920x1080
Category: 📡卫视频道, Name: 吉林卫视, Total: 14, Valid: 13, Valid Percent: 92.86%, Whitelist: 0, IPv4: 14, IPv6: 0, Min Delay: 84 ms, Max Speed: 68.67 M/s, Avg Speed: 33.01 M/s, Max Resolution: 1920x1080
Category: 📡卫视频道, Name: 江苏卫视, Total: 19, Valid: 18, Valid Percent: 94.74%, Whitelist: 0, IPv4: 19, IPv6: 0, Min Delay: 84 ms, Max Speed: 68.67 M/s, Avg Speed: 28.18 M/s, Max Resolution: 1920x1080
Category: 📡卫视频道, Name: 江西卫视, Total: 16, Valid: 15, Valid Percent: 93.75%, Whitelist: 0, IPv4: 16, IPv6: 0, Min Delay: 84 ms, Max Speed: 68.67 M/s, Avg Speed: 33.24 M/s, Max Resolution: 1920x1080
Category: 📡卫视频道, Name: 辽宁卫视, Total: 17, Valid: 16, Valid Percent: 94.12%, Whitelist: 0, IPv4: 17, IPv6: 0, Min Delay: 84 ms, Max Speed: 68.67 M/s, Avg Speed: 35.44 M/s, Max Resolution: 1920x1080
Category: 📡卫视频道, Name: 内蒙古卫视, Total: 16, Valid: 16, Valid Percent: 100.00%, Whitelist: 0, IPv4: 14, IPv6: 2, Min Delay: 84 ms, Max Speed: 68.67 M/s, Avg Speed: 22.72 M/s, Max Resolution: 1920x1080
Category: 📡卫视频道, Name: 宁夏卫视, Total: 13, Valid: 13, Valid Percent: 100.00%, Whitelist: 0, IPv4: 13, IPv6: 0, Min Delay: 84 ms, Max Speed: 68.67 M/s, Avg Speed: 33.43 M/s, Max Resolution: 1920x1080
Category: 📡卫视频道, Name: 青海卫视, Total: 18, Valid: 18, Valid Percent: 100.00%, Whitelist: 0, IPv4: 16, IPv6: 2, Min Delay: 84 ms, Max Speed: 68.67 M/s, Avg Speed: 31.67 M/s, Max Resolution: 1920x1080
Category: 📡卫视频道, Name: 山东卫视, Total: 19, Valid: 18, Valid Percent: 94.74%, Whitelist: 0, IPv4: 19, IPv6: 0, Min Delay: 84 ms, Max Speed: 68.67 M/s, Avg Speed: 27.89 M/s, Max Resolution: 1920x1080
Category: 📡卫视频道, Name: 山西卫视, Total: 12, Valid: 12, Valid Percent: 100.00%, Whitelist: 0, IPv4: 12, IPv6: 0, Min Delay: 84 ms, Max Speed: 68.67 M/s, Avg Speed: 30.05 M/s, Max Resolution: 1920x1080
Category: 📡卫视频道, Name: 陕西卫视, Total: 12, Valid: 12, Valid Percent: 100.00%, Whitelist: 0, IPv4: 12, IPv6: 0, Min Delay: 84 ms, Max Speed: 68.67 M/s, Avg Speed: 18.70 M/s, Max Resolution: 1920x1080
Category: 📡卫视频道, Name: 四川卫视, Total: 22, Valid: 21, Valid Percent: 95.45%, Whitelist: 0, IPv4: 21, IPv6: 1, Min Delay: 84 ms, Max Speed: 68.67 M/s, Avg Speed: 33.61 M/s, Max Resolution: 3840x2160
Category: 📡卫视频道, Name: 深圳卫视, Total: 18, Valid: 18, Valid Percent: 100.00%, Whitelist: 0, IPv4: 18, IPv6: 0, Min Delay: 84 ms, Max Speed: 68.67 M/s, Avg Speed: 27.92 M/s, Max Resolution: 1920x1080
Category: 📡卫视频道, Name: 三沙卫视, Total: 11, Valid: 11, Valid Percent: 100.00%, Whitelist: 0, IPv4: 11, IPv6: 0, Min Delay: 84 ms, Max Speed: 68.67 M/s, Avg Speed: 38.76 M/s, Max Resolution: 1920x1080
Category: 📡卫视频道, Name: 天津卫视, Total: 14, Valid: 14, Valid Percent: 100.00%, Whitelist: 0, IPv4: 14, IPv6: 0, Min Delay: 84 ms, Max Speed: 68.67 M/s, Avg Speed: 30.78 M/s, Max Resolution: 1920x1080
Category: 📡卫视频道, Name: 西藏卫视, Total: 15, Valid: 15, Valid Percent: 100.00%, Whitelist: 0, IPv4: 13, IPv6: 2, Min Delay: 84 ms, Max Speed: 68.67 M/s, Avg Speed: 24.00 M/s, Max Resolution: 1920x1080
Category: 📡卫视频道, Name: 新疆卫视, Total: 15, Valid: 15, Valid Percent: 100.00%, Whitelist: 0, IPv4: 14, IPv6: 1, Min Delay: 84 ms, Max Speed: 68.67 M/s, Avg Speed: 24.12 M/s, Max Resolution: 1920x1080
Category: 📡卫视频道, Name: 云南卫视, Total: 19, Valid: 18, Valid Percent: 94.74%, Whitelist: 0, IPv4: 18, IPv6: 1, Min Delay: 84 ms, Max Speed: 68.67 M/s, Avg Speed: 35.35 M/s, Max Resolution: 1920x1080
